// Vitest Snapshot v1, https://vitest.dev/guide/snapshot.html

exports[`codegen — minimal fixture > generates the expected set of files 1`] = `
[
  "controllers/user/user.module.svelte.ts",
  "controllers/user/user.schema.svelte.ts",
  "enums.ts",
  "fields.ts",
  "mocked-params.svelte.ts",
  "reflector.svelte.ts",
]
`;
